<?xml version="1.0" ?>
<testsuites disabled="0" errors="0" failures="0" tests="1" time="0.0">
	<testsuite disabled="0" errors="0" failures="0" name="my test suite" skipped="0" tests="1" time="0">
		<testcase name="test_example">
			<system-out>Sample output</system-out>
			<system-err>Sample error</system-err>
		</testcase>
	</testsuite>
</testsuites>
